[cw.acm.ovh/100b9fd4-03f9-4d83-865a-7242251e3191.html]
[cw.acm.ovh/_next/static/media/c9a5bc6a7c948fb0-s.p.woff2]
[cw.acm.ovh/_next/static/css/ac428ca6dce7559e.css]
[cw.acm.ovh/_next/static/css/34e89d1fc23ab8bb.css]
[cw.acm.ovh/_next/static/chunks/webpack-29b865efd5ed11ef.js]
[cw.acm.ovh/_next/static/chunks/817ad8d0-bac4ea800d51fc36.js]
[cw.acm.ovh/_next/static/chunks/89-ba6fde845f8db6ac.js]
[cw.acm.ovh/_next/static/chunks/main-app-d1c3ac30d6059c31.js]
[cw.acm.ovh/_next/static/chunks/564-000c071a774a9a83.js]
[cw.acm.ovh/_next/static/chunks/app/[slug]/page-abc8dc7541521a95.js]
[backblue.gif]
[fade.gif]
[index.html]
[cw.acm.ovh/favicon.ico]
[cw.acm.ovh/_next/static/chunks/polyfills-c67a75d1b6f99dc8.js]
[cw.acm.ovh/_ipx/w_256,q_75/acmbed2.png]
[cw.acm.ovh/100b9fd4-03f9-4d83-865a-7242251e3191.html]
[cw.acm.ovh/_next/static/media/ec159349637c90ad-s.woff2]
[cw.acm.ovh/_next/static/media/513657b02c5c193f-s.woff2]
[cw.acm.ovh/_next/static/media/fd4db3eb5472fc27-s.woff2]
[cw.acm.ovh/_next/static/media/51ed15f9841b9f9d-s.woff2]
[cw.acm.ovh/_next/static/media/05a31a2ca4975f99-s.woff2]
[cw.acm.ovh/_next/static/media/d6b16ce4a6175f26-s.woff2]
[cw.acm.ovh/_next/static/css/ac428ca6dce7559e.css]
[cw.acm.ovh/_next/static/css/34e89d1fc23ab8bb.css]
[cw.acm.ovh/_ipx/w_256,q_75/https_/acmud.acm.org/coworking-public/students/2019202503116d8.html]
[cw.acm.ovh/_ipx/w_3840,q_75/https_/acmud.acm.org/coworking-public/groups/65e332d0b29147bb4a7acb336ce8.html]
[acmud.acm.org/coworking-public/students/20192025031.jpg]
[acmud.acm.org/coworking-public/groups/65e332d0b29147bb4a7acb33.png]
